This file was created inside /work.
